19:44:49 **** Incremental Build of configuration Debug for project project3 ****
make all 
make: Nothing to be done for `all'.
19:44:59 **** Incremental Build of configuration Debug for project project3 ****
make all 
make: Nothing to be done for `all'.
19:44:59 **** Incremental Build of configuration Debug for project project3_bsp_xgpio_example_1 ****
make all 
make: Nothing to be done for `all'.
19:46:37 **** Incremental Build of configuration Debug for project project3 ****
make all 
make: Nothing to be done for `all'.
19:46:38 **** Incremental Build of configuration Debug for project project3_bsp_xgpio_example_1 ****
make all 
make: Nothing to be done for `all'.
19:46:56 **** Clean-only build of configuration Debug for project project3 ****
make clean 
rm -rf  ./src/codec.o ./src/dds_phase_accum.o ./src/main.o ./src/platform.o ./src/serial_audio_lib.o  ./src/codec.d ./src/dds_phase_accum.d ./src/main.d ./src/platform.d ./src/serial_audio_lib.d  project3.elf.size  project3.elf
rm: cannot remove `project3.elf': Permission denied
make: [clean] Error 1 (ignored)
' '
19:46:56 **** Clean-only build of configuration Debug for project project3_bsp_xgpio_example_1 ****
make clean 
rm -rf  ./src/xgpio_example.o  ./src/xgpio_example.d  project3_bsp_xgpio_example_1.elf.size  project3_bsp_xgpio_example_1.elf
' '
19:46:56 **** Clean-only build of project project3_bsp ****
make -k clean 
make -C microblaze_0/libsrc/bram_v4_2/src -s clean 
make -C microblaze_0/libsrc/cpu_v2_6/src -s clean 
make -C microblaze_0/libsrc/gpio_v4_3/src -s clean 
make -C microblaze_0/libsrc/spi_v4_3/src -s clean 
make -C microblaze_0/libsrc/standalone_v6_5/src -s clean 
make -C microblaze_0/libsrc/uartlite_v3_2/src -s clean 
rm -f microblaze_0/lib/libxil.a
19:46:56 **** Build of project project3_bsp ****
make -k all 
"Running Make include in microblaze_0/libsrc/bram_v4_2/src"
make -C microblaze_0/libsrc/bram_v4_2/src -s include  "SHELL=CMD" "COMPILER=mb-gcc" "ARCHIVER=mb-ar" "COMPILER_FLAGS= -O2 -c -mcpu=v10.0 -mlittle-endian -mxl-soft-mul" "EXTRA_COMPILER_FLAGS=-ffunction-sections -fdata-sections -Wall -Wextra"
"Running Make include in microblaze_0/libsrc/cpu_v2_6/src"
make -C microblaze_0/libsrc/cpu_v2_6/src -s include  "SHELL=CMD" "COMPILER=mb-gcc" "ARCHIVER=mb-ar" "COMPILER_FLAGS= -O2 -c -mcpu=v10.0 -mlittle-endian -mxl-soft-mul" "EXTRA_COMPILER_FLAGS=-ffunction-sections -fdata-sections -Wall -Wextra"
"Running Make include in microblaze_0/libsrc/gpio_v4_3/src"
make -C microblaze_0/libsrc/gpio_v4_3/src -s include  "SHELL=CMD" "COMPILER=mb-gcc" "ARCHIVER=mb-ar" "COMPILER_FLAGS= -O2 -c -mcpu=v10.0 -mlittle-endian -mxl-soft-mul" "EXTRA_COMPILER_FLAGS=-ffunction-sections -fdata-sections -Wall -Wextra"
"Running Make include in microblaze_0/libsrc/spi_v4_3/src"
make -C microblaze_0/libsrc/spi_v4_3/src -s include  "SHELL=CMD" "COMPILER=mb-gcc" "ARCHIVER=mb-ar" "COMPILER_FLAGS= -O2 -c -mcpu=v10.0 -mlittle-endian -mxl-soft-mul" "EXTRA_COMPILER_FLAGS=-ffunction-sections -fdata-sections -Wall -Wextra"
"Running Make include in microblaze_0/libsrc/standalone_v6_5/src"
make -C microblaze_0/libsrc/standalone_v6_5/src -s include  "SHELL=CMD" "COMPILER=mb-gcc" "ARCHIVER=mb-ar" "COMPILER_FLAGS= -O2 -c -mcpu=v10.0 -mlittle-endian -mxl-soft-mul" "EXTRA_COMPILER_FLAGS=-ffunction-sections -fdata-sections -Wall -Wextra"
"Running Make include in microblaze_0/libsrc/uartlite_v3_2/src"
make -C microblaze_0/libsrc/uartlite_v3_2/src -s include  "SHELL=CMD" "COMPILER=mb-gcc" "ARCHIVER=mb-ar" "COMPILER_FLAGS= -O2 -c -mcpu=v10.0 -mlittle-endian -mxl-soft-mul" "EXTRA_COMPILER_FLAGS=-ffunction-sections -fdata-sections -Wall -Wextra"
"Running Make libs in microblaze_0/libsrc/bram_v4_2/src"
make -C microblaze_0/libsrc/bram_v4_2/src -s libs  "SHELL=CMD" "COMPILER=mb-gcc" "ARCHIVER=mb-ar" "COMPILER_FLAGS= -O2 -c -mcpu=v10.0 -mlittle-endian -mxl-soft-mul" "EXTRA_COMPILER_FLAGS=-ffunction-sections -fdata-sections -Wall -Wextra"
"Compiling bram"
mb-ar: creating ../../../lib/libxil.a
"Running Make libs in microblaze_0/libsrc/cpu_v2_6/src"
make -C microblaze_0/libsrc/cpu_v2_6/src -s libs  "SHELL=CMD" "COMPILER=mb-gcc" "ARCHIVER=mb-ar" "COMPILER_FLAGS= -O2 -c -mcpu=v10.0 -mlittle-endian -mxl-soft-mul" "EXTRA_COMPILER_FLAGS=-ffunction-sections -fdata-sections -Wall -Wextra"
"Compiling cpu"
"Running Make libs in microblaze_0/libsrc/gpio_v4_3/src"
make -C microblaze_0/libsrc/gpio_v4_3/src -s libs  "SHELL=CMD" "COMPILER=mb-gcc" "ARCHIVER=mb-ar" "COMPILER_FLAGS= -O2 -c -mcpu=v10.0 -mlittle-endian -mxl-soft-mul" "EXTRA_COMPILER_FLAGS=-ffunction-sections -fdata-sections -Wall -Wextra"
"Compiling gpio"
"Running Make libs in microblaze_0/libsrc/spi_v4_3/src"
make -C microblaze_0/libsrc/spi_v4_3/src -s libs  "SHELL=CMD" "COMPILER=mb-gcc" "ARCHIVER=mb-ar" "COMPILER_FLAGS= -O2 -c -mcpu=v10.0 -mlittle-endian -mxl-soft-mul" "EXTRA_COMPILER_FLAGS=-ffunction-sections -fdata-sections -Wall -Wextra"
"Compiling spi"
"Running Make libs in microblaze_0/libsrc/standalone_v6_5/src"
make -C microblaze_0/libsrc/standalone_v6_5/src -s libs  "SHELL=CMD" "COMPILER=mb-gcc" "ARCHIVER=mb-ar" "COMPILER_FLAGS= -O2 -c -mcpu=v10.0 -mlittle-endian -mxl-soft-mul" "EXTRA_COMPILER_FLAGS=-ffunction-sections -fdata-sections -Wall -Wextra"
"Compiling standalone";
"Running Make libs in microblaze_0/libsrc/uartlite_v3_2/src"
make -C microblaze_0/libsrc/uartlite_v3_2/src -s libs  "SHELL=CMD" "COMPILER=mb-gcc" "ARCHIVER=mb-ar" "COMPILER_FLAGS= -O2 -c -mcpu=v10.0 -mlittle-endian -mxl-soft-mul" "EXTRA_COMPILER_FLAGS=-ffunction-sections -fdata-sections -Wall -Wextra"
"Compiling uartlite"
'Finished building libraries'
19:47:01 **** Build of configuration Debug for project project3 ****
make all 
'Invoking: MicroBlaze Print Size'
mb-size project3.elf  |tee "project3.elf.size"
   text	   data	    bss	    dec	    hex	filename
  45116	   1364	   3208	  49688	   c218	project3.elf
'Finished building: project3.elf.size'
' '
19:47:01 **** Build of configuration Debug for project project3_bsp_xgpio_example_1 ****
make all 
'Building file: ../src/xgpio_example.c'
'Invoking: MicroBlaze gcc compiler'
mb-gcc -Wall -O0 -g3 -c -fmessage-length=0 -MT"src/xgpio_example.o" -I../../project3_bsp/microblaze_0/include -mlittle-endian -mcpu=v10.0 -mxl-soft-mul -Wl,--no-relax -ffunction-sections -fdata-sections -MMD -MP -MF"src/xgpio_example.d" -MT"src/xgpio_example.o" -o "src/xgpio_example.o" "../src/xgpio_example.c"
'Finished building: ../src/xgpio_example.c'
' '
'Building target: project3_bsp_xgpio_example_1.elf'
'Invoking: MicroBlaze gcc linker'
mb-gcc -Wl,-T -Wl,../src/lscript.ld -L../../project3_bsp/microblaze_0/lib -mlittle-endian -mcpu=v10.0 -mxl-soft-mul -Wl,--no-relax -Wl,--gc-sections -o "project3_bsp_xgpio_example_1.elf"  ./src/xgpio_example.o   -Wl,--start-group,-lxil,-lgcc,-lc,--end-group
'Finished building target: project3_bsp_xgpio_example_1.elf'
' '
'Invoking: MicroBlaze Print Size'
mb-size project3_bsp_xgpio_example_1.elf  |tee "project3_bsp_xgpio_example_1.elf.size"
   text	   data	    bss	    dec	    hex	filename
   6744	    292	   3132	  10168	   27b8	project3_bsp_xgpio_example_1.elf
'Finished building: project3_bsp_xgpio_example_1.elf.size'
' '
19:47:09 **** Incremental Build of configuration Debug for project project3 ****
make all 
make: Nothing to be done for `all'.
19:47:10 **** Incremental Build of configuration Debug for project project3_bsp_xgpio_example_1 ****
make all 
make: Nothing to be done for `all'.
19:48:22 **** Auto Build of configuration Debug for project project3 ****
make all 
'Building file: ../src/codec.c'
'Invoking: MicroBlaze gcc compiler'
mb-gcc -Wall -O0 -g3 -c -fmessage-length=0 -MT"src/codec.o" -I../../project3_bsp/microblaze_0/include -mlittle-endian -mcpu=v10.0 -mxl-soft-mul -Wl,--no-relax -ffunction-sections -fdata-sections -MMD -MP -MF"src/codec.d" -MT"src/codec.o" -o "src/codec.o" "../src/codec.c"
'Finished building: ../src/codec.c'
' '
'Building file: ../src/dds_phase_accum.c'
'Invoking: MicroBlaze gcc compiler'
mb-gcc -Wall -O0 -g3 -c -fmessage-length=0 -MT"src/dds_phase_accum.o" -I../../project3_bsp/microblaze_0/include -mlittle-endian -mcpu=v10.0 -mxl-soft-mul -Wl,--no-relax -ffunction-sections -fdata-sections -MMD -MP -MF"src/dds_phase_accum.d" -MT"src/dds_phase_accum.o" -o "src/dds_phase_accum.o" "../src/dds_phase_accum.c"
'Finished building: ../src/dds_phase_accum.c'
' '
'Building file: ../src/main.c'
'Invoking: MicroBlaze gcc compiler'
mb-gcc -Wall -O0 -g3 -c -fmessage-length=0 -MT"src/main.o" -I../../project3_bsp/microblaze_0/include -mlittle-endian -mcpu=v10.0 -mxl-soft-mul -Wl,--no-relax -ffunction-sections -fdata-sections -MMD -MP -MF"src/main.d" -MT"src/main.o" -o "src/main.o" "../src/main.c"
'Finished building: ../src/main.c'
' '
'Building file: ../src/platform.c'
'Invoking: MicroBlaze gcc compiler'
mb-gcc -Wall -O0 -g3 -c -fmessage-length=0 -MT"src/platform.o" -I../../project3_bsp/microblaze_0/include -mlittle-endian -mcpu=v10.0 -mxl-soft-mul -Wl,--no-relax -ffunction-sections -fdata-sections -MMD -MP -MF"src/platform.d" -MT"src/platform.o" -o "src/platform.o" "../src/platform.c"
'Finished building: ../src/platform.c'
' '
'Building file: ../src/serial_audio_lib.c'
'Invoking: MicroBlaze gcc compiler'
mb-gcc -Wall -O0 -g3 -c -fmessage-length=0 -MT"src/serial_audio_lib.o" -I../../project3_bsp/microblaze_0/include -mlittle-endian -mcpu=v10.0 -mxl-soft-mul -Wl,--no-relax -ffunction-sections -fdata-sections -MMD -MP -MF"src/serial_audio_lib.d" -MT"src/serial_audio_lib.o" -o "src/serial_audio_lib.o" "../src/serial_audio_lib.c"
'Finished building: ../src/serial_audio_lib.c'
' '
'Building target: project3.elf'
'Invoking: MicroBlaze gcc linker'
mb-gcc -Wl,-T -Wl,../src/lscript.ld -L../../project3_bsp/microblaze_0/lib -mlittle-endian -mcpu=v10.0 -mxl-soft-mul -Wl,--no-relax -Wl,--gc-sections -o "project3.elf"  ./src/codec.o ./src/dds_phase_accum.o ./src/main.o ./src/platform.o ./src/serial_audio_lib.o   -Wl,--start-group,-lxil,-lgcc,-lc,--end-group
'Finished building target: project3.elf'
' '
'Invoking: MicroBlaze Print Size'
mb-size project3.elf  |tee "project3.elf.size"
   text	   data	    bss	    dec	    hex	filename
  44212	   1364	   3208	  48784	   be90	project3.elf
'Finished building: project3.elf.size'
' '
19:48:26 **** Incremental Build of configuration Debug for project project3 ****
make all 
make: Nothing to be done for `all'.
19:48:26 **** Incremental Build of configuration Debug for project project3_bsp_xgpio_example_1 ****
make all 
make: Nothing to be done for `all'.
19:49:01 **** Auto Build of configuration Debug for project project3 ****
make all 
'Building file: ../src/main.c'
'Invoking: MicroBlaze gcc compiler'
mb-gcc -Wall -O0 -g3 -c -fmessage-length=0 -MT"src/main.o" -I../../project3_bsp/microblaze_0/include -mlittle-endian -mcpu=v10.0 -mxl-soft-mul -Wl,--no-relax -ffunction-sections -fdata-sections -MMD -MP -MF"src/main.d" -MT"src/main.o" -o "src/main.o" "../src/main.c"
'Finished building: ../src/main.c'
' '
'Building target: project3.elf'
'Invoking: MicroBlaze gcc linker'
mb-gcc -Wl,-T -Wl,../src/lscript.ld -L../../project3_bsp/microblaze_0/lib -mlittle-endian -mcpu=v10.0 -mxl-soft-mul -Wl,--no-relax -Wl,--gc-sections -o "project3.elf"  ./src/codec.o ./src/dds_phase_accum.o ./src/main.o ./src/platform.o ./src/serial_audio_lib.o   -Wl,--start-group,-lxil,-lgcc,-lc,--end-group
'Finished building target: project3.elf'
' '
'Invoking: MicroBlaze Print Size'
mb-size project3.elf  |tee "project3.elf.size"
   text	   data	    bss	    dec	    hex	filename
  45116	   1364	   3208	  49688	   c218	project3.elf
'Finished building: project3.elf.size'
' '
19:49:27 **** Auto Build of configuration Debug for project project3 ****
make all 
'Building file: ../src/serial_audio_lib.c'
'Invoking: MicroBlaze gcc compiler'
mb-gcc -Wall -O0 -g3 -c -fmessage-length=0 -MT"src/serial_audio_lib.o" -I../../project3_bsp/microblaze_0/include -mlittle-endian -mcpu=v10.0 -mxl-soft-mul -Wl,--no-relax -ffunction-sections -fdata-sections -MMD -MP -MF"src/serial_audio_lib.d" -MT"src/serial_audio_lib.o" -o "src/serial_audio_lib.o" "../src/serial_audio_lib.c"
'Finished building: ../src/serial_audio_lib.c'
' '
'Building target: project3.elf'
'Invoking: MicroBlaze gcc linker'
mb-gcc -Wl,-T -Wl,../src/lscript.ld -L../../project3_bsp/microblaze_0/lib -mlittle-endian -mcpu=v10.0 -mxl-soft-mul -Wl,--no-relax -Wl,--gc-sections -o "project3.elf"  ./src/codec.o ./src/dds_phase_accum.o ./src/main.o ./src/platform.o ./src/serial_audio_lib.o   -Wl,--start-group,-lxil,-lgcc,-lc,--end-group
'Finished building target: project3.elf'
' '
'Invoking: MicroBlaze Print Size'
mb-size project3.elf  |tee "project3.elf.size"
   text	   data	    bss	    dec	    hex	filename
  45116	   1364	   3208	  49688	   c218	project3.elf
'Finished building: project3.elf.size'
' '
19:49:51 **** Auto Build of configuration Debug for project project3 ****
make all 
'Building file: ../src/serial_audio_lib.c'
'Invoking: MicroBlaze gcc compiler'
mb-gcc -Wall -O0 -g3 -c -fmessage-length=0 -MT"src/serial_audio_lib.o" -I../../project3_bsp/microblaze_0/include -mlittle-endian -mcpu=v10.0 -mxl-soft-mul -Wl,--no-relax -ffunction-sections -fdata-sections -MMD -MP -MF"src/serial_audio_lib.d" -MT"src/serial_audio_lib.o" -o "src/serial_audio_lib.o" "../src/serial_audio_lib.c"
../src/serial_audio_lib.c: In function 'get_freq':
../src/serial_audio_lib.c:42:14: warning: passing argument 1 of 'xil_printf' makes pointer from integer without a cast [-Wint-conversion]
   xil_printf(new_char);
              ^~~~~~~~
In file included from c:\xilinx\sdk\2017.4\gnu\microblaze\nt\microblaze-xilinx-elf\include\stdlib.h:11:0,
                 from ../src/serial_audio_lib.c:3:
c:\xilinx\sdk\2017.4\gnu\microblaze\nt\microblaze-xilinx-elf\include\stdio.h:229:9: note: expected 'const char *' but argument is of type 'char'
 void    _EXFUN(xil_printf, (const char*, ...));
         ^
'Finished building: ../src/serial_audio_lib.c'
' '
'Building target: project3.elf'
'Invoking: MicroBlaze gcc linker'
mb-gcc -Wl,-T -Wl,../src/lscript.ld -L../../project3_bsp/microblaze_0/lib -mlittle-endian -mcpu=v10.0 -mxl-soft-mul -Wl,--no-relax -Wl,--gc-sections -o "project3.elf"  ./src/codec.o ./src/dds_phase_accum.o ./src/main.o ./src/platform.o ./src/serial_audio_lib.o   -Wl,--start-group,-lxil,-lgcc,-lc,--end-group
'Finished building target: project3.elf'
' '
'Invoking: MicroBlaze Print Size'
mb-size project3.elf  |tee "project3.elf.size"
   text	   data	    bss	    dec	    hex	filename
  45140	   1364	   3208	  49712	   c230	project3.elf
'Finished building: project3.elf.size'
' '
19:50:00 **** Auto Build of configuration Debug for project project3 ****
make all 
'Building file: ../src/serial_audio_lib.c'
'Invoking: MicroBlaze gcc compiler'
mb-gcc -Wall -O0 -g3 -c -fmessage-length=0 -MT"src/serial_audio_lib.o" -I../../project3_bsp/microblaze_0/include -mlittle-endian -mcpu=v10.0 -mxl-soft-mul -Wl,--no-relax -ffunction-sections -fdata-sections -MMD -MP -MF"src/serial_audio_lib.d" -MT"src/serial_audio_lib.o" -o "src/serial_audio_lib.o" "../src/serial_audio_lib.c"
'Finished building: ../src/serial_audio_lib.c'
' '
'Building target: project3.elf'
'Invoking: MicroBlaze gcc linker'
mb-gcc -Wl,-T -Wl,../src/lscript.ld -L../../project3_bsp/microblaze_0/lib -mlittle-endian -mcpu=v10.0 -mxl-soft-mul -Wl,--no-relax -Wl,--gc-sections -o "project3.elf"  ./src/codec.o ./src/dds_phase_accum.o ./src/main.o ./src/platform.o ./src/serial_audio_lib.o   -Wl,--start-group,-lxil,-lgcc,-lc,--end-group
'Finished building target: project3.elf'
' '
'Invoking: MicroBlaze Print Size'
mb-size project3.elf  |tee "project3.elf.size"
   text	   data	    bss	    dec	    hex	filename
  45152	   1364	   3204	  49720	   c238	project3.elf
'Finished building: project3.elf.size'
' '
19:50:16 **** Auto Build of configuration Debug for project project3 ****
make all 
'Building file: ../src/serial_audio_lib.c'
'Invoking: MicroBlaze gcc compiler'
mb-gcc -Wall -O0 -g3 -c -fmessage-length=0 -MT"src/serial_audio_lib.o" -I../../project3_bsp/microblaze_0/include -mlittle-endian -mcpu=v10.0 -mxl-soft-mul -Wl,--no-relax -ffunction-sections -fdata-sections -MMD -MP -MF"src/serial_audio_lib.d" -MT"src/serial_audio_lib.o" -o "src/serial_audio_lib.o" "../src/serial_audio_lib.c"
'Finished building: ../src/serial_audio_lib.c'
' '
'Building target: project3.elf'
'Invoking: MicroBlaze gcc linker'
mb-gcc -Wl,-T -Wl,../src/lscript.ld -L../../project3_bsp/microblaze_0/lib -mlittle-endian -mcpu=v10.0 -mxl-soft-mul -Wl,--no-relax -Wl,--gc-sections -o "project3.elf"  ./src/codec.o ./src/dds_phase_accum.o ./src/main.o ./src/platform.o ./src/serial_audio_lib.o   -Wl,--start-group,-lxil,-lgcc,-lc,--end-group
'Finished building target: project3.elf'
' '
'Invoking: MicroBlaze Print Size'
mb-size project3.elf  |tee "project3.elf.size"
   text	   data	    bss	    dec	    hex	filename
  45180	   1364	   3208	  49752	   c258	project3.elf
'Finished building: project3.elf.size'
' '
19:50:19 **** Incremental Build of configuration Debug for project project3 ****
make all 
make: Nothing to be done for `all'.
19:50:19 **** Incremental Build of configuration Debug for project project3_bsp_xgpio_example_1 ****
make all 
make: Nothing to be done for `all'.
19:51:42 **** Auto Build of configuration Debug for project project3 ****
make all 
'Building file: ../src/serial_audio_lib.c'
'Invoking: MicroBlaze gcc compiler'
mb-gcc -Wall -O0 -g3 -c -fmessage-length=0 -MT"src/serial_audio_lib.o" -I../../project3_bsp/microblaze_0/include -mlittle-endian -mcpu=v10.0 -mxl-soft-mul -Wl,--no-relax -ffunction-sections -fdata-sections -MMD -MP -MF"src/serial_audio_lib.d" -MT"src/serial_audio_lib.o" -o "src/serial_audio_lib.o" "../src/serial_audio_lib.c"
../src/serial_audio_lib.c: In function 'get_freq':
../src/serial_audio_lib.c:45:2: error: expected ';' before '}' token
  }
  ^
make: *** [src/serial_audio_lib.o] Error 1
19:51:45 **** Auto Build of configuration Debug for project project3 ****
make all 
'Building file: ../src/serial_audio_lib.c'
'Invoking: MicroBlaze gcc compiler'
mb-gcc -Wall -O0 -g3 -c -fmessage-length=0 -MT"src/serial_audio_lib.o" -I../../project3_bsp/microblaze_0/include -mlittle-endian -mcpu=v10.0 -mxl-soft-mul -Wl,--no-relax -ffunction-sections -fdata-sections -MMD -MP -MF"src/serial_audio_lib.d" -MT"src/serial_audio_lib.o" -o "src/serial_audio_lib.o" "../src/serial_audio_lib.c"
'Finished building: ../src/serial_audio_lib.c'
' '
'Building target: project3.elf'
'Invoking: MicroBlaze gcc linker'
mb-gcc -Wl,-T -Wl,../src/lscript.ld -L../../project3_bsp/microblaze_0/lib -mlittle-endian -mcpu=v10.0 -mxl-soft-mul -Wl,--no-relax -Wl,--gc-sections -o "project3.elf"  ./src/codec.o ./src/dds_phase_accum.o ./src/main.o ./src/platform.o ./src/serial_audio_lib.o   -Wl,--start-group,-lxil,-lgcc,-lc,--end-group
'Finished building target: project3.elf'
' '
'Invoking: MicroBlaze Print Size'
mb-size project3.elf  |tee "project3.elf.size"
   text	   data	    bss	    dec	    hex	filename
  45184	   1364	   3204	  49752	   c258	project3.elf
'Finished building: project3.elf.size'
' '
19:51:49 **** Incremental Build of configuration Debug for project project3 ****
make all 
make: Nothing to be done for `all'.
19:51:49 **** Incremental Build of configuration Debug for project project3_bsp_xgpio_example_1 ****
make all 
make: Nothing to be done for `all'.
19:52:41 **** Auto Build of configuration Debug for project project3 ****
make all 
'Building file: ../src/serial_audio_lib.c'
'Invoking: MicroBlaze gcc compiler'
mb-gcc -Wall -O0 -g3 -c -fmessage-length=0 -MT"src/serial_audio_lib.o" -I../../project3_bsp/microblaze_0/include -mlittle-endian -mcpu=v10.0 -mxl-soft-mul -Wl,--no-relax -ffunction-sections -fdata-sections -MMD -MP -MF"src/serial_audio_lib.d" -MT"src/serial_audio_lib.o" -o "src/serial_audio_lib.o" "../src/serial_audio_lib.c"
'Finished building: ../src/serial_audio_lib.c'
' '
'Building target: project3.elf'
'Invoking: MicroBlaze gcc linker'
mb-gcc -Wl,-T -Wl,../src/lscript.ld -L../../project3_bsp/microblaze_0/lib -mlittle-endian -mcpu=v10.0 -mxl-soft-mul -Wl,--no-relax -Wl,--gc-sections -o "project3.elf"  ./src/codec.o ./src/dds_phase_accum.o ./src/main.o ./src/platform.o ./src/serial_audio_lib.o   -Wl,--start-group,-lxil,-lgcc,-lc,--end-group
'Finished building target: project3.elf'
' '
'Invoking: MicroBlaze Print Size'
mb-size project3.elf  |tee "project3.elf.size"
   text	   data	    bss	    dec	    hex	filename
  45180	   1364	   3208	  49752	   c258	project3.elf
'Finished building: project3.elf.size'
' '
19:53:12 **** Incremental Build of configuration Debug for project project3 ****
make all 
make: Nothing to be done for `all'.
19:53:12 **** Incremental Build of configuration Debug for project project3_bsp_xgpio_example_1 ****
make all 
make: Nothing to be done for `all'.
19:54:55 **** Incremental Build of configuration Debug for project project3 ****
make all 
make: Nothing to be done for `all'.
19:54:55 **** Incremental Build of configuration Debug for project project3_bsp_xgpio_example_1 ****
make all 
make: Nothing to be done for `all'.
19:55:05 **** Incremental Build of configuration Debug for project project3 ****
make all 
make: Nothing to be done for `all'.
19:55:06 **** Incremental Build of configuration Debug for project project3_bsp_xgpio_example_1 ****
make all 
make: Nothing to be done for `all'.
19:59:21 **** Incremental Build of configuration Debug for project project3 ****
make all 
make: Nothing to be done for `all'.
19:59:21 **** Incremental Build of configuration Debug for project project3_bsp_xgpio_example_1 ****
make all 
make: Nothing to be done for `all'.
20:00:28 **** Incremental Build of configuration Debug for project project3 ****
make all 
make: Nothing to be done for `all'.
20:00:29 **** Incremental Build of configuration Debug for project project3_bsp_xgpio_example_1 ****
make all 
make: Nothing to be done for `all'.
20:00:40 **** Auto Build of configuration Debug for project project3 ****
make all 
'Building file: ../src/dds_phase_accum.c'
'Invoking: MicroBlaze gcc compiler'
mb-gcc -Wall -O0 -g3 -c -fmessage-length=0 -MT"src/dds_phase_accum.o" -I../../project3_bsp/microblaze_0/include -mlittle-endian -mcpu=v10.0 -mxl-soft-mul -Wl,--no-relax -ffunction-sections -fdata-sections -MMD -MP -MF"src/dds_phase_accum.d" -MT"src/dds_phase_accum.o" -o "src/dds_phase_accum.o" "../src/dds_phase_accum.c"
'Finished building: ../src/dds_phase_accum.c'
' '
'Building target: project3.elf'
'Invoking: MicroBlaze gcc linker'
mb-gcc -Wl,-T -Wl,../src/lscript.ld -L../../project3_bsp/microblaze_0/lib -mlittle-endian -mcpu=v10.0 -mxl-soft-mul -Wl,--no-relax -Wl,--gc-sections -o "project3.elf"  ./src/codec.o ./src/dds_phase_accum.o ./src/main.o ./src/platform.o ./src/serial_audio_lib.o   -Wl,--start-group,-lxil,-lgcc,-lc,--end-group
'Finished building target: project3.elf'
' '
'Invoking: MicroBlaze Print Size'
mb-size project3.elf  |tee "project3.elf.size"
   text	   data	    bss	    dec	    hex	filename
  45180	   1364	   3208	  49752	   c258	project3.elf
'Finished building: project3.elf.size'
' '
20:12:13 **** Incremental Build of configuration Debug for project project3 ****
make all 
make: Nothing to be done for `all'.
20:12:14 **** Incremental Build of configuration Debug for project project3_bsp_xgpio_example_1 ****
make all 
make: Nothing to be done for `all'.
21:00:43 **** Auto Build of configuration Debug for project project3 ****
make all 
'Building file: ../src/dds_phase_accum.c'
'Invoking: MicroBlaze gcc compiler'
mb-gcc -Wall -O0 -g3 -c -fmessage-length=0 -MT"src/dds_phase_accum.o" -I../../project3_bsp/microblaze_0/include -mlittle-endian -mcpu=v10.0 -mxl-soft-mul -Wl,--no-relax -ffunction-sections -fdata-sections -MMD -MP -MF"src/dds_phase_accum.d" -MT"src/dds_phase_accum.o" -o "src/dds_phase_accum.o" "../src/dds_phase_accum.c"
'Finished building: ../src/dds_phase_accum.c'
' '
'Building target: project3.elf'
'Invoking: MicroBlaze gcc linker'
mb-gcc -Wl,-T -Wl,../src/lscript.ld -L../../project3_bsp/microblaze_0/lib -mlittle-endian -mcpu=v10.0 -mxl-soft-mul -Wl,--no-relax -Wl,--gc-sections -o "project3.elf"  ./src/codec.o ./src/dds_phase_accum.o ./src/main.o ./src/platform.o ./src/serial_audio_lib.o   -Wl,--start-group,-lxil,-lgcc,-lc,--end-group
'Finished building target: project3.elf'
' '
'Invoking: MicroBlaze Print Size'
mb-size project3.elf  |tee "project3.elf.size"
   text	   data	    bss	    dec	    hex	filename
  44300	   1364	   3208	  48872	   bee8	project3.elf
'Finished building: project3.elf.size'
' '
21:02:01 **** Incremental Build of configuration Debug for project project3 ****
make all 
make: Nothing to be done for `all'.
21:02:01 **** Incremental Build of configuration Debug for project project3_bsp_xgpio_example_1 ****
make all 
make: Nothing to be done for `all'.
